../Core/Src/cmd_handler.c:33:6:commandHandler	8	static
../Core/Src/cmd_handler.c:45:6:commandHandler_Init	4	static
../Core/Src/cmd_handler.c:51:6:CMD_UART_StoreByte	32	static
../Core/Src/cmd_handler.c:82:13:executeCommand	32	static
../Core/Src/cmd_handler.c:155:13:moveParsing	40	static
../Core/Src/cmd_handler.c:248:13:rpiParsing	24	static
../Core/Src/cmd_handler.c:274:6:polarAlignmentParsing	40	static
../Core/Src/cmd_handler.c:335:6:CMD_Send	16	static
../Core/Src/cmd_handler.c:343:6:rpiShutdown	8	static
../Core/Src/cmd_handler.c:348:6:rpiPowerOn	8	static
../Core/Src/cmd_handler.c:353:6:rpiPowerOff	8	static
