../Core/Src/cmd_handler.c:33:6:commandHandler	8	static
../Core/Src/cmd_handler.c:46:6:commandHandler_Init	4	static
../Core/Src/cmd_handler.c:52:6:CMD_UART_StoreByte	32	static
../Core/Src/cmd_handler.c:83:13:executeCommand	24	static
../Core/Src/cmd_handler.c:158:13:moveParsing	40	static
../Core/Src/cmd_handler.c:257:13:rpiParsing	24	static
../Core/Src/cmd_handler.c:287:6:polarAlignmentParsing	40	static
../Core/Src/cmd_handler.c:349:6:uartSend	16	static
../Core/Src/cmd_handler.c:361:6:rpiShutdown	8	static
../Core/Src/cmd_handler.c:366:6:rpiPowerOn	8	static
../Core/Src/cmd_handler.c:371:6:rpiPowerOff	8	static
