../Core/Src/control_loop.c:189:6:controlLoop	8	static
../Core/Src/control_loop.c:235:6:handleLowPowerIdle	16	static
../Core/Src/control_loop.c:332:6:handleHoming	16	static
../Core/Src/control_loop.c:400:13:axisHomingStart	24	static
../Core/Src/control_loop.c:426:13:axisHomingUpdate	24	static
../Core/Src/control_loop.c:455:6:endstopReached	16	static
../Core/Src/control_loop.c:485:6:handleCalibration	4	static
../Core/Src/control_loop.c:606:6:handleWarmingUp	72	static
../Core/Src/control_loop.c:687:6:handleAligning	64	static
../Core/Src/control_loop.c:838:6:handleMoving	8	static
../Core/Src/control_loop.c:874:13:blinkLeds	8	static
../Core/Src/control_loop.c:890:6:timeoutStart	16	static
../Core/Src/control_loop.c:896:6:timeoutReset	16	static
../Core/Src/control_loop.c:901:6:timeoutReached	16	static
