../Core/Src/control_loop.c:159:6:controlLoop	8	static
../Core/Src/control_loop.c:208:6:handleLowPowerIdle	16	static
../Core/Src/control_loop.c:308:6:handleHoming	16	static
../Core/Src/control_loop.c:375:13:axisHomingStart	24	static
../Core/Src/control_loop.c:401:13:axisHomingUpdate	24	static
../Core/Src/control_loop.c:430:6:endstopReached	16	static
../Core/Src/control_loop.c:461:6:handleCalibration	40	static
../Core/Src/control_loop.c:490:6:handleWarmingUp	72	static
../Core/Src/control_loop.c:558:6:handleMoving	8	static
../Core/Src/control_loop.c:599:6:handleAligning	56	static
../Core/Src/control_loop.c:706:13:blinkLeds	8	static
