../Core/Src/main.c:79:5:main	8	static
../Core/Src/main.c:142:6:SystemClock_Config	96	static
../Core/Src/main.c:191:13:MX_I2C3_Init	8	static
../Core/Src/main.c:239:13:MX_TIM17_Init	8	static
../Core/Src/main.c:271:13:MX_UART4_Init	8	static
../Core/Src/main.c:306:13:MX_UART5_Init	8	static
../Core/Src/main.c:341:13:MX_USART1_UART_Init	8	static
../Core/Src/main.c:376:13:MX_USB_OTG_FS_HCD_Init	8	static
../Core/Src/main.c:407:13:MX_GPIO_Init	48	static
../Core/Src/main.c:478:6:Error_Handler	4	static,ignoring_inline_asm
