../Core/Src/main.c:113:5:main	1
../Core/Src/main.c:272:6:SystemClock_Config	4
../Core/Src/main.c:320:6:PeriphCommonClock_Config	2
../Core/Src/main.c:347:13:MX_ADC1_Init	4
../Core/Src/main.c:414:13:MX_I2C3_Init	4
../Core/Src/main.c:462:13:MX_TIM1_Init	7
../Core/Src/main.c:542:13:MX_TIM2_Init	4
../Core/Src/main.c:588:13:MX_TIM3_Init	4
../Core/Src/main.c:633:13:MX_TIM4_Init	4
../Core/Src/main.c:678:13:MX_TIM5_Init	4
../Core/Src/main.c:724:13:MX_TIM8_Init	7
../Core/Src/main.c:804:13:MX_TIM17_Init	5
../Core/Src/main.c:866:13:MX_UART4_Init	2
../Core/Src/main.c:901:13:MX_UART5_Init	2
../Core/Src/main.c:936:13:MX_USART1_UART_Init	2
../Core/Src/main.c:969:13:MX_DMA_Init	1
../Core/Src/main.c:991:13:MX_GPIO_Init	1
../Core/Src/main.c:1100:6:Error_Handler	1
