../Core/Src/main.c:107:5:main	2
../Core/Src/main.c:264:6:SystemClock_Config	4
../Core/Src/main.c:313:13:MX_I2C3_Init	4
../Core/Src/main.c:361:13:MX_TIM1_Init	7
../Core/Src/main.c:441:13:MX_TIM2_Init	4
../Core/Src/main.c:487:13:MX_TIM3_Init	4
../Core/Src/main.c:532:13:MX_TIM4_Init	4
../Core/Src/main.c:577:13:MX_TIM5_Init	4
../Core/Src/main.c:623:13:MX_TIM8_Init	7
../Core/Src/main.c:703:13:MX_TIM17_Init	2
../Core/Src/main.c:735:13:MX_UART4_Init	2
../Core/Src/main.c:770:13:MX_UART5_Init	2
../Core/Src/main.c:805:13:MX_USART1_UART_Init	2
../Core/Src/main.c:838:13:MX_DMA_Init	1
../Core/Src/main.c:863:13:MX_GPIO_Init	1
../Core/Src/main.c:951:6:Error_Handler	1
