../Drivers/STM32L4xx_HAL_Driver/Src/stm32l4xx_hal_hcd.c:201:19:HAL_HCD_HC_Init	40	static
../Drivers/STM32L4xx_HAL_Driver/Src/stm32l4xx_hal_hcd.c:243:19:HAL_HCD_HC_Halt	8	static
../Drivers/STM32L4xx_HAL_Driver/Src/stm32l4xx_hal_hcd.c:294:14:HAL_HCD_MspInit	0	static
../Drivers/STM32L4xx_HAL_Driver/Src/stm32l4xx_hal_hcd.c:107:19:HAL_HCD_Init	24	static
../Drivers/STM32L4xx_HAL_Driver/Src/stm32l4xx_hal_hcd.c:309:14:HAL_HCD_MspDeInit	0	static
../Drivers/STM32L4xx_HAL_Driver/Src/stm32l4xx_hal_hcd.c:259:19:HAL_HCD_DeInit	8	static
../Drivers/STM32L4xx_HAL_Driver/Src/stm32l4xx_hal_hcd.c:361:19:HAL_HCD_HC_SubmitRequest	16	static
../Drivers/STM32L4xx_HAL_Driver/Src/stm32l4xx_hal_hcd.c:614:13:HAL_HCD_SOF_Callback	0	static
../Drivers/STM32L4xx_HAL_Driver/Src/stm32l4xx_hal_hcd.c:629:13:HAL_HCD_Connect_Callback	0	static
../Drivers/STM32L4xx_HAL_Driver/Src/stm32l4xx_hal_hcd.c:644:13:HAL_HCD_Disconnect_Callback	0	static
../Drivers/STM32L4xx_HAL_Driver/Src/stm32l4xx_hal_hcd.c:659:13:HAL_HCD_PortEnabled_Callback	0	static
../Drivers/STM32L4xx_HAL_Driver/Src/stm32l4xx_hal_hcd.c:674:13:HAL_HCD_PortDisabled_Callback	0	static
../Drivers/STM32L4xx_HAL_Driver/Src/stm32l4xx_hal_hcd.c:699:13:HAL_HCD_HC_NotifyURBChange_Callback	0	static
../Drivers/STM32L4xx_HAL_Driver/Src/stm32l4xx_hal_hcd.c:491:6:HAL_HCD_IRQHandler	56	static
../Drivers/STM32L4xx_HAL_Driver/Src/stm32l4xx_hal_hcd.c:1015:19:HAL_HCD_Start	8	static
../Drivers/STM32L4xx_HAL_Driver/Src/stm32l4xx_hal_hcd.c:1034:19:HAL_HCD_Stop	8	static
../Drivers/STM32L4xx_HAL_Driver/Src/stm32l4xx_hal_hcd.c:1048:19:HAL_HCD_ResetPort	0	static
../Drivers/STM32L4xx_HAL_Driver/Src/stm32l4xx_hal_hcd.c:1077:18:HAL_HCD_GetState	0	static
../Drivers/STM32L4xx_HAL_Driver/Src/stm32l4xx_hal_hcd.c:1096:21:HAL_HCD_HC_GetURBState	0	static
../Drivers/STM32L4xx_HAL_Driver/Src/stm32l4xx_hal_hcd.c:1109:10:HAL_HCD_HC_GetXferCount	0	static
../Drivers/STM32L4xx_HAL_Driver/Src/stm32l4xx_hal_hcd.c:1131:21:HAL_HCD_HC_GetState	0	static
../Drivers/STM32L4xx_HAL_Driver/Src/stm32l4xx_hal_hcd.c:1141:10:HAL_HCD_GetCurrentFrame	0	static
../Drivers/STM32L4xx_HAL_Driver/Src/stm32l4xx_hal_hcd.c:1151:10:HAL_HCD_GetCurrentSpeed	0	static
../Drivers/STM32L4xx_HAL_Driver/Src/stm32l4xx_hal_hcd.c:1165:19:HAL_HCD_HC_SetHubInfo	8	static
../Drivers/STM32L4xx_HAL_Driver/Src/stm32l4xx_hal_hcd.c:1182:19:HAL_HCD_HC_ClearHubInfo	0	static
