../Core/Src/stm32l4xx_hal_msp.c:63:6:HAL_MspInit	8	static
../Core/Src/stm32l4xx_hal_msp.c:86:6:HAL_I2C_MspInit	176	static
../Core/Src/stm32l4xx_hal_msp.c:133:6:HAL_I2C_MspDeInit	8	static
../Core/Src/stm32l4xx_hal_msp.c:164:6:HAL_TIM_Base_MspInit	40	static
../Core/Src/stm32l4xx_hal_msp.c:200:6:HAL_TIM_Base_MspDeInit	0	static
../Core/Src/stm32l4xx_hal_msp.c:228:6:HAL_UART_MspInit	208	static
../Core/Src/stm32l4xx_hal_msp.c:351:6:HAL_UART_MspDeInit	8	static
../Core/Src/stm32l4xx_hal_msp.c:418:6:HAL_HCD_MspInit	176	static
../Core/Src/stm32l4xx_hal_msp.c:484:6:HAL_HCD_MspDeInit	16	static
